{
  "version": "1.5.0",
  "plugins_used": [
    {
      "name": "ArtifactoryDetector"
    },
    {
      "name": "AWSKeyDetector"
    },
    {
      "name": "AzureStorageKeyDetector"
    },
    {
      "name": "Base64HighEntropyString",
      "limit": 4.5
    },
    {
      "name": "BasicAuthDetector"
    },
    {
      "name": "CloudantDetector"
    },
    {
      "name": "DiscordBotTokenDetector"
    },
    {
      "name": "GitHubTokenDetector"
    },
    {
      "name": "GitLabTokenDetector"
    },
    {
      "name": "HexHighEntropyString",
      "limit": 3.0
    },
    {
      "name": "IbmCloudIamDetector"
    },
    {
      "name": "IbmCosHmacDetector"
    },
    {
      "name": "IPPublicDetector"
    },
    {
      "name": "JwtTokenDetector"
    },
    {
      "name": "KeywordDetector",
      "keyword_exclude": ""
    },
    {
      "name": "MailchimpDetector"
    },
    {
      "name": "NpmDetector"
    },
    {
      "name": "OpenAIDetector"
    },
    {
      "name": "PrivateKeyDetector"
    },
    {
      "name": "PypiTokenDetector"
    },
    {
      "name": "SendGridDetector"
    },
    {
      "name": "SlackDetector"
    },
    {
      "name": "SoftlayerDetector"
    },
    {
      "name": "SquareOAuthDetector"
    },
    {
      "name": "StripeDetector"
    },
    {
      "name": "TelegramBotTokenDetector"
    },
    {
      "name": "TwilioKeyDetector"
    }
  ],
  "filters_used": [
    {
      "path": "detect_secrets.filters.allowlist.is_line_allowlisted"
    },
    {
      "path": "detect_secrets.filters.common.is_baseline_file",
      "filename": ".secrets.baseline"
    },
    {
      "path": "detect_secrets.filters.heuristic.is_indirect_reference"
    },
    {
      "path": "detect_secrets.filters.heuristic.is_likely_id_string"
    },
    {
      "path": "detect_secrets.filters.heuristic.is_lock_file"
    },
    {
      "path": "detect_secrets.filters.heuristic.is_not_alphanumeric_string"
    },
    {
      "path": "detect_secrets.filters.heuristic.is_potential_uuid"
    },
    {
      "path": "detect_secrets.filters.heuristic.is_prefixed_with_dollar_sign"
    },
    {
      "path": "detect_secrets.filters.heuristic.is_sequential_string"
    },
    {
      "path": "detect_secrets.filters.heuristic.is_swagger_file"
    },
    {
      "path": "detect_secrets.filters.heuristic.is_templated_secret"
    },
    {
      "path": "detect_secrets.filters.regex.should_exclude_file",
      "pattern": [
        "(?:^|/)\\.git/",
        "(?:^|/)\\.venv/",
        "(?:^|/)uv\\.lock$",
        "(?:^|/)\\.secrets\\.baseline$"
      ]
    }
  ],
  "results": {
    ".github/workflows/ci.yml": [
      {
        "type": "Secret Keyword",
        "filename": ".github/workflows/ci.yml",
        "hashed_secret": "1ca626adb32917d9e9aba5b6b97e1c610b48bd6e",
        "is_verified": false,
        "line_number": 165,
        "is_secret": false
      },
      {
        "type": "Secret Keyword",
        "filename": ".github/workflows/ci.yml",
        "hashed_secret": "0940f2e2801db7be280fbd51efa50d67809c8607",
        "is_verified": false,
        "line_number": 166,
        "is_secret": false
      },
      {
        "type": "Secret Keyword",
        "filename": ".github/workflows/ci.yml",
        "hashed_secret": "24d56890232e47152ff5c6d5ec1d5a1fc57f3d53",
        "is_verified": false,
        "line_number": 167,
        "is_secret": false
      },
      {
        "type": "Secret Keyword",
        "filename": ".github/workflows/ci.yml",
        "hashed_secret": "91e13ef13d1719d8cdc6694a300aca9ba6ccaf30",
        "is_verified": false,
        "line_number": 169,
        "is_secret": false
      },
      {
        "type": "Secret Keyword",
        "filename": ".github/workflows/ci.yml",
        "hashed_secret": "fc352a090e03ee855ec972470eea3a5a073f2e08",
        "is_verified": false,
        "line_number": 170,
        "is_secret": false
      },
      {
        "type": "Basic Auth Credentials",
        "filename": ".github/workflows/ci.yml",
        "hashed_secret": "32e684ce43872211ce0f91357c1450a680d8740a",
        "is_verified": false,
        "line_number": 313,
        "is_secret": false
      }
    ],
    ".github/workflows/release-readiness.yml": [
      {
        "type": "Basic Auth Credentials",
        "filename": ".github/workflows/release-readiness.yml",
        "hashed_secret": "32e684ce43872211ce0f91357c1450a680d8740a",
        "is_verified": false,
        "line_number": 110,
        "is_secret": false
      }
    ],
    ".github/workflows/release.yml": [
      {
        "type": "Secret Keyword",
        "filename": ".github/workflows/release.yml",
        "hashed_secret": "3e26d6750975d678acb8fa35a0f69237881576b0",
        "is_verified": false,
        "line_number": 20,
        "is_secret": false
      },
      {
        "type": "Basic Auth Credentials",
        "filename": ".github/workflows/release.yml",
        "hashed_secret": "32e684ce43872211ce0f91357c1450a680d8740a",
        "is_verified": false,
        "line_number": 49,
        "is_secret": false
      }
    ],
    "Makefile": [
      {
        "type": "Basic Auth Credentials",
        "filename": "Makefile",
        "hashed_secret": "32e684ce43872211ce0f91357c1450a680d8740a",
        "is_verified": false,
        "line_number": 8,
        "is_secret": false
      }
    ],
    "README.md": [
      {
        "type": "Basic Auth Credentials",
        "filename": "README.md",
        "hashed_secret": "32e684ce43872211ce0f91357c1450a680d8740a",
        "is_verified": false,
        "line_number": 79,
        "is_secret": false
      }
    ],
    "docker-compose.testinfra.yml": [
      {
        "type": "Secret Keyword",
        "filename": "docker-compose.testinfra.yml",
        "hashed_secret": "32e684ce43872211ce0f91357c1450a680d8740a",
        "is_verified": false,
        "line_number": 15,
        "is_secret": false
      }
    ],
    "docs/operator/dogfood-acceptance-checklist.md": [
      {
        "type": "Basic Auth Credentials",
        "filename": "docs/operator/dogfood-acceptance-checklist.md",
        "hashed_secret": "32e684ce43872211ce0f91357c1450a680d8740a",
        "is_verified": false,
        "line_number": 66,
        "is_secret": false
      }
    ],
    "docs/operator/release-testing-checklist.md": [
      {
        "type": "Basic Auth Credentials",
        "filename": "docs/operator/release-testing-checklist.md",
        "hashed_secret": "32e684ce43872211ce0f91357c1450a680d8740a",
        "is_verified": false,
        "line_number": 56,
        "is_secret": false
      }
    ],
    "docs/operator/user-journey-catalog.md": [
      {
        "type": "Basic Auth Credentials",
        "filename": "docs/operator/user-journey-catalog.md",
        "hashed_secret": "32e684ce43872211ce0f91357c1450a680d8740a",
        "is_verified": false,
        "line_number": 63,
        "is_secret": false
      }
    ],
    "docs/sdlc/12-audit-readiness.md": [
      {
        "type": "Secret Keyword",
        "filename": "docs/sdlc/12-audit-readiness.md",
        "hashed_secret": "e5e9fa1ba31ecd1ae84f75caaa474f3a663f05f4",
        "is_verified": false,
        "line_number": 37,
        "is_secret": false
      }
    ],
    "scripts/dogfood_acceptance.py": [
      {
        "type": "Basic Auth Credentials",
        "filename": "scripts/dogfood_acceptance.py",
        "hashed_secret": "32e684ce43872211ce0f91357c1450a680d8740a",
        "is_verified": false,
        "line_number": 30,
        "is_secret": false
      }
    ],
    "src/pitwall/audit/sixteen_check.py": [
      {
        "type": "Secret Keyword",
        "filename": "src/pitwall/audit/sixteen_check.py",
        "hashed_secret": "e5e9fa1ba31ecd1ae84f75caaa474f3a663f05f4",
        "is_verified": false,
        "line_number": 173,
        "is_secret": false
      },
      {
        "type": "Secret Keyword",
        "filename": "src/pitwall/audit/sixteen_check.py",
        "hashed_secret": "750fd299263f637dbe8b2112f8960b2e03f70230",
        "is_verified": false,
        "line_number": 1136,
        "is_secret": false
      },
      {
        "type": "Base64 High Entropy String",
        "filename": "src/pitwall/audit/sixteen_check.py",
        "hashed_secret": "94e05184b8874be020280876eccb5389baaf2d71",
        "is_verified": false,
        "line_number": 1654,
        "is_secret": false
      },
      {
        "type": "Private Key",
        "filename": "src/pitwall/audit/sixteen_check.py",
        "hashed_secret": "1348b145fa1a555461c1b790a2f66614781091e9",
        "is_verified": false,
        "line_number": 1667,
        "is_secret": false
      }
    ],
    "src/pitwall/config.py": [
      {
        "type": "Secret Keyword",
        "filename": "src/pitwall/config.py",
        "hashed_secret": "1fcc244d2e059ce311f3f17f44bb703335560518",
        "is_verified": false,
        "line_number": 924,
        "is_secret": false
      }
    ],
    "src/pitwall/core/ids.py": [
      {
        "type": "Base64 High Entropy String",
        "filename": "src/pitwall/core/ids.py",
        "hashed_secret": "3ea6cf17f95e272933a3b927317b7210d1bac5d5",
        "is_verified": false,
        "line_number": 45,
        "is_secret": false
      }
    ],
    "src/pitwall/cost/notifications.py": [
      {
        "type": "Secret Keyword",
        "filename": "src/pitwall/cost/notifications.py",
        "hashed_secret": "9cba7629902a7a377293920c5b9dbe816b6e2af6",
        "is_verified": false,
        "line_number": 17,
        "is_secret": false
      }
    ],
    "src/pitwall/providers/_wave2_feasibility.py": [
      {
        "type": "Secret Keyword",
        "filename": "src/pitwall/providers/_wave2_feasibility.py",
        "hashed_secret": "f5064fc4982e1edfa8777efe9b8b01db365c62b9",
        "is_verified": false,
        "line_number": 47,
        "is_secret": false
      }
    ],
    "tests/admin/test_kill_switch_route.py": [
      {
        "type": "Secret Keyword",
        "filename": "tests/admin/test_kill_switch_route.py",
        "hashed_secret": "c8d07f46478a3b337c2b92fe941ccd9aa8a2abdd",
        "is_verified": false,
        "line_number": 14,
        "is_secret": false
      },
      {
        "type": "Secret Keyword",
        "filename": "tests/admin/test_kill_switch_route.py",
        "hashed_secret": "a4b48a81cdab1e1a5dd37907d6c85ca1c61ddc7c",
        "is_verified": false,
        "line_number": 105,
        "is_secret": false
      }
    ],
    "tests/api/_contract_helpers.py": [
      {
        "type": "Secret Keyword",
        "filename": "tests/api/_contract_helpers.py",
        "hashed_secret": "3acfb2c2b433c0ea7ff107e33df91b18e52f960f",
        "is_verified": false,
        "line_number": 37,
        "is_secret": false
      }
    ],
    "tests/api/test_admin_auth_matrix.py": [
      {
        "type": "Secret Keyword",
        "filename": "tests/api/test_admin_auth_matrix.py",
        "hashed_secret": "c8d07f46478a3b337c2b92fe941ccd9aa8a2abdd",
        "is_verified": false,
        "line_number": 36,
        "is_secret": false
      },
      {
        "type": "Secret Keyword",
        "filename": "tests/api/test_admin_auth_matrix.py",
        "hashed_secret": "a4b48a81cdab1e1a5dd37907d6c85ca1c61ddc7c",
        "is_verified": false,
        "line_number": 67,
        "is_secret": false
      }
    ],
    "tests/api/test_budget_trace.py": [
      {
        "type": "Secret Keyword",
        "filename": "tests/api/test_budget_trace.py",
        "hashed_secret": "3acfb2c2b433c0ea7ff107e33df91b18e52f960f",
        "is_verified": false,
        "line_number": 119,
        "is_secret": false
      },
      {
        "type": "Secret Keyword",
        "filename": "tests/api/test_budget_trace.py",
        "hashed_secret": "ab4d062cd0918279941bb0cd0e70767199767d37",
        "is_verified": false,
        "line_number": 149,
        "is_secret": false
      }
    ],
    "tests/api/test_capabilities_contract.py": [
      {
        "type": "Secret Keyword",
        "filename": "tests/api/test_capabilities_contract.py",
        "hashed_secret": "c8d07f46478a3b337c2b92fe941ccd9aa8a2abdd",
        "is_verified": false,
        "line_number": 22,
        "is_secret": false
      },
      {
        "type": "Base64 High Entropy String",
        "filename": "tests/api/test_capabilities_contract.py",
        "hashed_secret": "f3c5abe3ec739e6e0d8a08de4992f9e64048cb1c",
        "is_verified": false,
        "line_number": 33,
        "is_secret": false
      }
    ],
    "tests/api/test_e2e_async_job_webhook.py": [
      {
        "type": "Secret Keyword",
        "filename": "tests/api/test_e2e_async_job_webhook.py",
        "hashed_secret": "3acfb2c2b433c0ea7ff107e33df91b18e52f960f",
        "is_verified": false,
        "line_number": 143,
        "is_secret": false
      }
    ],
    "tests/api/test_e2e_lease_lifecycle.py": [
      {
        "type": "Secret Keyword",
        "filename": "tests/api/test_e2e_lease_lifecycle.py",
        "hashed_secret": "3acfb2c2b433c0ea7ff107e33df91b18e52f960f",
        "is_verified": false,
        "line_number": 223,
        "is_secret": false
      }
    ],
    "tests/api/test_e2e_sync_inference.py": [
      {
        "type": "Secret Keyword",
        "filename": "tests/api/test_e2e_sync_inference.py",
        "hashed_secret": "3acfb2c2b433c0ea7ff107e33df91b18e52f960f",
        "is_verified": false,
        "line_number": 119,
        "is_secret": false
      }
    ],
    "tests/api/test_e5_audit_checks.py": [
      {
        "type": "Secret Keyword",
        "filename": "tests/api/test_e5_audit_checks.py",
        "hashed_secret": "c8d07f46478a3b337c2b92fe941ccd9aa8a2abdd",
        "is_verified": false,
        "line_number": 21,
        "is_secret": false
      },
      {
        "type": "Secret Keyword",
        "filename": "tests/api/test_e5_audit_checks.py",
        "hashed_secret": "3acfb2c2b433c0ea7ff107e33df91b18e52f960f",
        "is_verified": false,
        "line_number": 106,
        "is_secret": false
      }
    ],
    "tests/api/test_handler_latency.py": [
      {
        "type": "Secret Keyword",
        "filename": "tests/api/test_handler_latency.py",
        "hashed_secret": "3acfb2c2b433c0ea7ff107e33df91b18e52f960f",
        "is_verified": false,
        "line_number": 22,
        "is_secret": false
      }
    ],
    "tests/api/test_inference_contract.py": [
      {
        "type": "Base64 High Entropy String",
        "filename": "tests/api/test_inference_contract.py",
        "hashed_secret": "94d3d4693e8d9d8dfcad906389c1a0efe8d57eec",
        "is_verified": false,
        "line_number": 210,
        "is_secret": false
      },
      {
        "type": "Base64 High Entropy String",
        "filename": "tests/api/test_inference_contract.py",
        "hashed_secret": "cce667f29035b59c5f9b752842f5cd5ac99f192e",
        "is_verified": false,
        "line_number": 215,
        "is_secret": false
      }
    ],
    "tests/api/test_inference_langfuse.py": [
      {
        "type": "Secret Keyword",
        "filename": "tests/api/test_inference_langfuse.py",
        "hashed_secret": "3acfb2c2b433c0ea7ff107e33df91b18e52f960f",
        "is_verified": false,
        "line_number": 62,
        "is_secret": false
      },
      {
        "type": "Secret Keyword",
        "filename": "tests/api/test_inference_langfuse.py",
        "hashed_secret": "a94a8fe5ccb19ba61c4c0873d391e987982fbbd3",
        "is_verified": false,
        "line_number": 67,
        "is_secret": false
      }
    ],
    "tests/api/test_jobs_read_cancel.py": [
      {
        "type": "Secret Keyword",
        "filename": "tests/api/test_jobs_read_cancel.py",
        "hashed_secret": "3acfb2c2b433c0ea7ff107e33df91b18e52f960f",
        "is_verified": false,
        "line_number": 101,
        "is_secret": false
      }
    ],
    "tests/api/test_null_byte_hardening.py": [
      {
        "type": "Secret Keyword",
        "filename": "tests/api/test_null_byte_hardening.py",
        "hashed_secret": "e5e9fa1ba31ecd1ae84f75caaa474f3a663f05f4",
        "is_verified": false,
        "line_number": 197,
        "is_secret": false
      }
    ],
    "tests/api/test_openai_proxy.py": [
      {
        "type": "Secret Keyword",
        "filename": "tests/api/test_openai_proxy.py",
        "hashed_secret": "3acfb2c2b433c0ea7ff107e33df91b18e52f960f",
        "is_verified": false,
        "line_number": 81,
        "is_secret": false
      }
    ],
    "tests/api/test_openai_proxy_fallback.py": [
      {
        "type": "Secret Keyword",
        "filename": "tests/api/test_openai_proxy_fallback.py",
        "hashed_secret": "3acfb2c2b433c0ea7ff107e33df91b18e52f960f",
        "is_verified": false,
        "line_number": 66,
        "is_secret": false
      }
    ],
    "tests/api/test_openai_proxy_routes.py": [
      {
        "type": "Secret Keyword",
        "filename": "tests/api/test_openai_proxy_routes.py",
        "hashed_secret": "3acfb2c2b433c0ea7ff107e33df91b18e52f960f",
        "is_verified": false,
        "line_number": 69,
        "is_secret": false
      }
    ],
    "tests/api/test_openai_proxy_trace.py": [
      {
        "type": "Secret Keyword",
        "filename": "tests/api/test_openai_proxy_trace.py",
        "hashed_secret": "3acfb2c2b433c0ea7ff107e33df91b18e52f960f",
        "is_verified": false,
        "line_number": 73,
        "is_secret": false
      }
    ],
    "tests/api/test_providers_contract.py": [
      {
        "type": "Secret Keyword",
        "filename": "tests/api/test_providers_contract.py",
        "hashed_secret": "c8d07f46478a3b337c2b92fe941ccd9aa8a2abdd",
        "is_verified": false,
        "line_number": 24,
        "is_secret": false
      }
    ],
    "tests/autopilot/test_controller.py": [
      {
        "type": "Basic Auth Credentials",
        "filename": "tests/autopilot/test_controller.py",
        "hashed_secret": "e5e9fa1ba31ecd1ae84f75caaa474f3a663f05f4",
        "is_verified": false,
        "line_number": 355,
        "is_secret": false
      }
    ],
    "tests/conftest.py": [
      {
        "type": "Basic Auth Credentials",
        "filename": "tests/conftest.py",
        "hashed_secret": "32e684ce43872211ce0f91357c1450a680d8740a",
        "is_verified": false,
        "line_number": 46,
        "is_secret": false
      },
      {
        "type": "Secret Keyword",
        "filename": "tests/conftest.py",
        "hashed_secret": "3acfb2c2b433c0ea7ff107e33df91b18e52f960f",
        "is_verified": false,
        "line_number": 721,
        "is_secret": false
      }
    ],
    "tests/cost/test_budget_gate.py": [
      {
        "type": "Base64 High Entropy String",
        "filename": "tests/cost/test_budget_gate.py",
        "hashed_secret": "f3c5abe3ec739e6e0d8a08de4992f9e64048cb1c",
        "is_verified": false,
        "line_number": 28,
        "is_secret": false
      }
    ],
    "tests/cost/test_estimator.py": [
      {
        "type": "Base64 High Entropy String",
        "filename": "tests/cost/test_estimator.py",
        "hashed_secret": "f3c5abe3ec739e6e0d8a08de4992f9e64048cb1c",
        "is_verified": false,
        "line_number": 31,
        "is_secret": false
      }
    ],
    "tests/cost/test_notifications.py": [
      {
        "type": "Secret Keyword",
        "filename": "tests/cost/test_notifications.py",
        "hashed_secret": "557b77739581647a2cc6a60d7a72bfd2dfcf1762",
        "is_verified": false,
        "line_number": 83,
        "is_secret": false
      }
    ],
    "tests/cost/test_sync_gate.py": [
      {
        "type": "Base64 High Entropy String",
        "filename": "tests/cost/test_sync_gate.py",
        "hashed_secret": "f3c5abe3ec739e6e0d8a08de4992f9e64048cb1c",
        "is_verified": false,
        "line_number": 31,
        "is_secret": false
      }
    ],
    "tests/db/test_asyncpg_migrate.py": [
      {
        "type": "Basic Auth Credentials",
        "filename": "tests/db/test_asyncpg_migrate.py",
        "hashed_secret": "2bf0e25c1a0ab4353779bb273e3a2c531c31c6cd",
        "is_verified": false,
        "line_number": 122,
        "is_secret": false
      },
      {
        "type": "Secret Keyword",
        "filename": "tests/db/test_asyncpg_migrate.py",
        "hashed_secret": "4df3af67088d2c82b0f580e027f3bb9eff4cec97",
        "is_verified": false,
        "line_number": 129,
        "is_secret": false
      }
    ],
    "tests/integration/test_webhook_receiver_pool.py": [
      {
        "type": "Secret Keyword",
        "filename": "tests/integration/test_webhook_receiver_pool.py",
        "hashed_secret": "20162acba19eabf62fbbefd5eeb010f3be0ec3ad",
        "is_verified": false,
        "line_number": 20,
        "is_secret": false
      }
    ],
    "tests/leases/test_launch.py": [
      {
        "type": "Secret Keyword",
        "filename": "tests/leases/test_launch.py",
        "hashed_secret": "750fd299263f637dbe8b2112f8960b2e03f70230",
        "is_verified": false,
        "line_number": 122,
        "is_secret": false
      }
    ],
    "tests/mcp/conftest.py": [
      {
        "type": "Secret Keyword",
        "filename": "tests/mcp/conftest.py",
        "hashed_secret": "3acfb2c2b433c0ea7ff107e33df91b18e52f960f",
        "is_verified": false,
        "line_number": 48,
        "is_secret": false
      },
      {
        "type": "Basic Auth Credentials",
        "filename": "tests/mcp/conftest.py",
        "hashed_secret": "a94a8fe5ccb19ba61c4c0873d391e987982fbbd3",
        "is_verified": false,
        "line_number": 49,
        "is_secret": false
      }
    ],
    "tests/mcp/test_admin_tools_audit.py": [
      {
        "type": "Base64 High Entropy String",
        "filename": "tests/mcp/test_admin_tools_audit.py",
        "hashed_secret": "f3c5abe3ec739e6e0d8a08de4992f9e64048cb1c",
        "is_verified": false,
        "line_number": 65,
        "is_secret": false
      },
      {
        "type": "Base64 High Entropy String",
        "filename": "tests/mcp/test_admin_tools_audit.py",
        "hashed_secret": "c47291cb9606c36137f65b310bf8cf3921db45ff",
        "is_verified": false,
        "line_number": 81,
        "is_secret": false
      }
    ],
    "tests/mcp/test_stdio_transport.py": [
      {
        "type": "Secret Keyword",
        "filename": "tests/mcp/test_stdio_transport.py",
        "hashed_secret": "3acfb2c2b433c0ea7ff107e33df91b18e52f960f",
        "is_verified": false,
        "line_number": 34,
        "is_secret": false
      },
      {
        "type": "Basic Auth Credentials",
        "filename": "tests/mcp/test_stdio_transport.py",
        "hashed_secret": "a94a8fe5ccb19ba61c4c0873d391e987982fbbd3",
        "is_verified": false,
        "line_number": 35,
        "is_secret": false
      }
    ],
    "tests/observability/test_langfuse.py": [
      {
        "type": "Secret Keyword",
        "filename": "tests/observability/test_langfuse.py",
        "hashed_secret": "766a6e8998aefe2117d62c2d48411e43161ffa11",
        "is_verified": false,
        "line_number": 43,
        "is_secret": false
      },
      {
        "type": "Secret Keyword",
        "filename": "tests/observability/test_langfuse.py",
        "hashed_secret": "31317ff4dee8e8bdf7fe392d1fcbdd853502c00c",
        "is_verified": false,
        "line_number": 150,
        "is_secret": false
      }
    ],
    "tests/ops/test_backup_drill.py": [
      {
        "type": "Basic Auth Credentials",
        "filename": "tests/ops/test_backup_drill.py",
        "hashed_secret": "e6ec3de59f17e77b3dea4860e37d8b33c1a4fc3c",
        "is_verified": false,
        "line_number": 108,
        "is_secret": false
      },
      {
        "type": "Basic Auth Credentials",
        "filename": "tests/ops/test_backup_drill.py",
        "hashed_secret": "cb9cc62e158ff27d062ee3e3d6a4d6b900d319e7",
        "is_verified": false,
        "line_number": 119,
        "is_secret": false
      },
      {
        "type": "Secret Keyword",
        "filename": "tests/ops/test_backup_drill.py",
        "hashed_secret": "87ce0b7a73f025338b4594f82f4a0c43940a8d44",
        "is_verified": false,
        "line_number": 136,
        "is_secret": false
      }
    ],
    "tests/property/test_provider_registry_properties.py": [
      {
        "type": "Secret Keyword",
        "filename": "tests/property/test_provider_registry_properties.py",
        "hashed_secret": "3acfb2c2b433c0ea7ff107e33df91b18e52f960f",
        "is_verified": false,
        "line_number": 26,
        "is_secret": false
      }
    ],
    "tests/providers/test_lambda_cloud_provider.py": [
      {
        "type": "Secret Keyword",
        "filename": "tests/providers/test_lambda_cloud_provider.py",
        "hashed_secret": "7f5962b9b9e3aa74ff62919cfe8c73602732dae6",
        "is_verified": false,
        "line_number": 145,
        "is_secret": false
      },
      {
        "type": "Hex High Entropy String",
        "filename": "tests/providers/test_lambda_cloud_provider.py",
        "hashed_secret": "720c2bad9232a39b900eff2ae577bdbe69f5ece6",
        "is_verified": false,
        "line_number": 277,
        "is_secret": false
      }
    ],
    "tests/providers/test_registry.py": [
      {
        "type": "Secret Keyword",
        "filename": "tests/providers/test_registry.py",
        "hashed_secret": "3acfb2c2b433c0ea7ff107e33df91b18e52f960f",
        "is_verified": false,
        "line_number": 197,
        "is_secret": false
      }
    ],
    "tests/providers/test_runpod_adapter.py": [
      {
        "type": "Secret Keyword",
        "filename": "tests/providers/test_runpod_adapter.py",
        "hashed_secret": "3acfb2c2b433c0ea7ff107e33df91b18e52f960f",
        "is_verified": false,
        "line_number": 53,
        "is_secret": false
      },
      {
        "type": "Secret Keyword",
        "filename": "tests/providers/test_runpod_adapter.py",
        "hashed_secret": "396e89136c1ca4550038a944c876515557be43e0",
        "is_verified": false,
        "line_number": 58,
        "is_secret": false
      }
    ],
    "tests/providers/test_together_adapter.py": [
      {
        "type": "Secret Keyword",
        "filename": "tests/providers/test_together_adapter.py",
        "hashed_secret": "fdc7f3a3fe6bdfa53c145735630466ddc62870a6",
        "is_verified": false,
        "line_number": 65,
        "is_secret": false
      },
      {
        "type": "Secret Keyword",
        "filename": "tests/providers/test_together_adapter.py",
        "hashed_secret": "77b942f2d7c36e9812fc9ca2150f0531410b13e3",
        "is_verified": false,
        "line_number": 96,
        "is_secret": false
      }
    ],
    "tests/providers/test_vast_provider.py": [
      {
        "type": "Secret Keyword",
        "filename": "tests/providers/test_vast_provider.py",
        "hashed_secret": "1f01b16d1e5f1396abfcf088318e9432ef6de30f",
        "is_verified": false,
        "line_number": 145,
        "is_secret": false
      }
    ],
    "tests/reconciler/test_init_coverage.py": [
      {
        "type": "Basic Auth Credentials",
        "filename": "tests/reconciler/test_init_coverage.py",
        "hashed_secret": "f3bbbd66a63d4bf1747940578ec3d0103530e21d",
        "is_verified": false,
        "line_number": 59,
        "is_secret": false
      },
      {
        "type": "Secret Keyword",
        "filename": "tests/reconciler/test_init_coverage.py",
        "hashed_secret": "eb2b79748a84fb4e3d38cb4237e4a25c052eef31",
        "is_verified": false,
        "line_number": 427,
        "is_secret": false
      }
    ],
    "tests/reconciler/test_poll_and_reconcile.py": [
      {
        "type": "Secret Keyword",
        "filename": "tests/reconciler/test_poll_and_reconcile.py",
        "hashed_secret": "3acfb2c2b433c0ea7ff107e33df91b18e52f960f",
        "is_verified": false,
        "line_number": 82,
        "is_secret": false
      }
    ],
    "tests/runpod_client/test_cli.py": [
      {
        "type": "Secret Keyword",
        "filename": "tests/runpod_client/test_cli.py",
        "hashed_secret": "3acfb2c2b433c0ea7ff107e33df91b18e52f960f",
        "is_verified": false,
        "line_number": 68,
        "is_secret": false
      }
    ],
    "tests/runpod_client/test_lb.py": [
      {
        "type": "Secret Keyword",
        "filename": "tests/runpod_client/test_lb.py",
        "hashed_secret": "3acfb2c2b433c0ea7ff107e33df91b18e52f960f",
        "is_verified": false,
        "line_number": 167,
        "is_secret": false
      },
      {
        "type": "Secret Keyword",
        "filename": "tests/runpod_client/test_lb.py",
        "hashed_secret": "48854c46907b8f99e4c4c711f3fb7336a93bc290",
        "is_verified": false,
        "line_number": 231,
        "is_secret": false
      }
    ],
    "tests/runpod_client/test_mounts.py": [
      {
        "type": "Secret Keyword",
        "filename": "tests/runpod_client/test_mounts.py",
        "hashed_secret": "3acfb2c2b433c0ea7ff107e33df91b18e52f960f",
        "is_verified": false,
        "line_number": 26,
        "is_secret": false
      },
      {
        "type": "Secret Keyword",
        "filename": "tests/runpod_client/test_mounts.py",
        "hashed_secret": "159072687c88a2453b47d741a8673bf65852631d",
        "is_verified": false,
        "line_number": 29,
        "is_secret": false
      },
      {
        "type": "Secret Keyword",
        "filename": "tests/runpod_client/test_mounts.py",
        "hashed_secret": "0474aee45985f5ae829f53849df476200e876990",
        "is_verified": false,
        "line_number": 398,
        "is_secret": false
      },
      {
        "type": "Secret Keyword",
        "filename": "tests/runpod_client/test_mounts.py",
        "hashed_secret": "db32c639628ba4ca19254f9e98d9dbc009e5bf36",
        "is_verified": false,
        "line_number": 417,
        "is_secret": false
      },
      {
        "type": "Secret Keyword",
        "filename": "tests/runpod_client/test_mounts.py",
        "hashed_secret": "99889b92965565fc273796824a6b0e0f42359856",
        "is_verified": false,
        "line_number": 419,
        "is_secret": false
      },
      {
        "type": "Secret Keyword",
        "filename": "tests/runpod_client/test_mounts.py",
        "hashed_secret": "212bf52cecb60205780640fc753f73a2709c231a",
        "is_verified": false,
        "line_number": 432,
        "is_secret": false
      }
    ],
    "tests/runpod_client/test_pods.py": [
      {
        "type": "Secret Keyword",
        "filename": "tests/runpod_client/test_pods.py",
        "hashed_secret": "396e89136c1ca4550038a944c876515557be43e0",
        "is_verified": false,
        "line_number": 152,
        "is_secret": false
      }
    ],
    "tests/runpod_client/test_queue.py": [
      {
        "type": "Secret Keyword",
        "filename": "tests/runpod_client/test_queue.py",
        "hashed_secret": "3acfb2c2b433c0ea7ff107e33df91b18e52f960f",
        "is_verified": false,
        "line_number": 246,
        "is_secret": false
      }
    ],
    "tests/runpod_client/test_registry.py": [
      {
        "type": "Secret Keyword",
        "filename": "tests/runpod_client/test_registry.py",
        "hashed_secret": "4ea8d2335b430796cf3f500368c5b0f5b1dc90f5",
        "is_verified": false,
        "line_number": 92,
        "is_secret": false
      },
      {
        "type": "Secret Keyword",
        "filename": "tests/runpod_client/test_registry.py",
        "hashed_secret": "9d4e1e23bd5b727046a9e3b4b7db57bd8d6ee684",
        "is_verified": false,
        "line_number": 138,
        "is_secret": false
      }
    ],
    "tests/runpod_client/test_serverless.py": [
      {
        "type": "Secret Keyword",
        "filename": "tests/runpod_client/test_serverless.py",
        "hashed_secret": "3acfb2c2b433c0ea7ff107e33df91b18e52f960f",
        "is_verified": false,
        "line_number": 59,
        "is_secret": false
      },
      {
        "type": "Secret Keyword",
        "filename": "tests/runpod_client/test_serverless.py",
        "hashed_secret": "5530a000e0696af2f05defa12f45933c43252268",
        "is_verified": false,
        "line_number": 88,
        "is_secret": false
      },
      {
        "type": "Secret Keyword",
        "filename": "tests/runpod_client/test_serverless.py",
        "hashed_secret": "48854c46907b8f99e4c4c711f3fb7336a93bc290",
        "is_verified": false,
        "line_number": 190,
        "is_secret": false
      }
    ],
    "tests/runpod_client/test_templates.py": [
      {
        "type": "Secret Keyword",
        "filename": "tests/runpod_client/test_templates.py",
        "hashed_secret": "396e89136c1ca4550038a944c876515557be43e0",
        "is_verified": false,
        "line_number": 75,
        "is_secret": false
      },
      {
        "type": "Hex High Entropy String",
        "filename": "tests/runpod_client/test_templates.py",
        "hashed_secret": "6740d1ecb48c5c9ca3b2a3cb1ca2f4b4d4487473",
        "is_verified": false,
        "line_number": 128,
        "is_secret": false
      }
    ],
    "tests/runpod_client/test_warm_volume.py": [
      {
        "type": "Secret Keyword",
        "filename": "tests/runpod_client/test_warm_volume.py",
        "hashed_secret": "3acfb2c2b433c0ea7ff107e33df91b18e52f960f",
        "is_verified": false,
        "line_number": 69,
        "is_secret": false
      }
    ],
    "tests/security/conftest.py": [
      {
        "type": "Secret Keyword",
        "filename": "tests/security/conftest.py",
        "hashed_secret": "0349085bbc8ed6fa3b976379b87f4f6470db4582",
        "is_verified": false,
        "line_number": 26,
        "is_secret": false
      },
      {
        "type": "Secret Keyword",
        "filename": "tests/security/conftest.py",
        "hashed_secret": "b1c4408ce605f4d367f3aa657cd569e5971c0ef7",
        "is_verified": false,
        "line_number": 49,
        "is_secret": false
      }
    ],
    "tests/security/test_admin_constant_time.py": [
      {
        "type": "Secret Keyword",
        "filename": "tests/security/test_admin_constant_time.py",
        "hashed_secret": "e6314db70707f01cf16a484b13cea1310155e9f3",
        "is_verified": false,
        "line_number": 54,
        "is_secret": false
      }
    ],
    "tests/security/test_schemathesis_fuzz.py": [
      {
        "type": "Secret Keyword",
        "filename": "tests/security/test_schemathesis_fuzz.py",
        "hashed_secret": "3acfb2c2b433c0ea7ff107e33df91b18e52f960f",
        "is_verified": false,
        "line_number": 60,
        "is_secret": false
      }
    ],
    "tests/security/test_secret_non_disclosure.py": [
      {
        "type": "Secret Keyword",
        "filename": "tests/security/test_secret_non_disclosure.py",
        "hashed_secret": "b5dd53ccb97c2f04e70c48a12ca76ded7b4a45c9",
        "is_verified": false,
        "line_number": 18,
        "is_secret": false
      },
      {
        "type": "Secret Keyword",
        "filename": "tests/security/test_secret_non_disclosure.py",
        "hashed_secret": "9d9a69dafcd7316e2acfc6036a3f1184c6a2bc05",
        "is_verified": false,
        "line_number": 19,
        "is_secret": false
      },
      {
        "type": "Secret Keyword",
        "filename": "tests/security/test_secret_non_disclosure.py",
        "hashed_secret": "adfabf8c7ac329ea89f375af7548034f72fc02a7",
        "is_verified": false,
        "line_number": 20,
        "is_secret": false
      },
      {
        "type": "Secret Keyword",
        "filename": "tests/security/test_secret_non_disclosure.py",
        "hashed_secret": "9eb4fd5eea2e9c4210b50af863839c21f5f11ead",
        "is_verified": false,
        "line_number": 23,
        "is_secret": false
      },
      {
        "type": "Secret Keyword",
        "filename": "tests/security/test_secret_non_disclosure.py",
        "hashed_secret": "08335daeb26d506af892a0753a87bb74f20ae290",
        "is_verified": false,
        "line_number": 26,
        "is_secret": false
      }
    ],
    "tests/security/test_webhook_receiver_signed.py": [
      {
        "type": "Secret Keyword",
        "filename": "tests/security/test_webhook_receiver_signed.py",
        "hashed_secret": "7b4124605f441266fe677d11eedba4e098a8bb68",
        "is_verified": false,
        "line_number": 84,
        "is_secret": false
      }
    ],
    "tests/test_admin_secret.py": [
      {
        "type": "Secret Keyword",
        "filename": "tests/test_admin_secret.py",
        "hashed_secret": "3acfb2c2b433c0ea7ff107e33df91b18e52f960f",
        "is_verified": false,
        "line_number": 17,
        "is_secret": false
      },
      {
        "type": "Secret Keyword",
        "filename": "tests/test_admin_secret.py",
        "hashed_secret": "a4b48a81cdab1e1a5dd37907d6c85ca1c61ddc7c",
        "is_verified": false,
        "line_number": 88,
        "is_secret": false
      },
      {
        "type": "Secret Keyword",
        "filename": "tests/test_admin_secret.py",
        "hashed_secret": "fef341f85d87439e7d91a2d465b9871ef66b5e98",
        "is_verified": false,
        "line_number": 97,
        "is_secret": false
      },
      {
        "type": "Base64 High Entropy String",
        "filename": "tests/test_admin_secret.py",
        "hashed_secret": "5ac9ee01588ae6671a7bac29ec4c9024a8700d16",
        "is_verified": false,
        "line_number": 253,
        "is_secret": false
      },
      {
        "type": "Base64 High Entropy String",
        "filename": "tests/test_admin_secret.py",
        "hashed_secret": "f3c5abe3ec739e6e0d8a08de4992f9e64048cb1c",
        "is_verified": false,
        "line_number": 350,
        "is_secret": false
      }
    ],
    "tests/test_api_security_middleware.py": [
      {
        "type": "Secret Keyword",
        "filename": "tests/test_api_security_middleware.py",
        "hashed_secret": "3acfb2c2b433c0ea7ff107e33df91b18e52f960f",
        "is_verified": false,
        "line_number": 18,
        "is_secret": false
      },
      {
        "type": "Secret Keyword",
        "filename": "tests/test_api_security_middleware.py",
        "hashed_secret": "6421dfe5510d328b2b2f39dd2d4c302da2980f8e",
        "is_verified": false,
        "line_number": 166,
        "is_secret": false
      },
      {
        "type": "Basic Auth Credentials",
        "filename": "tests/test_api_security_middleware.py",
        "hashed_secret": "4ea8d2335b430796cf3f500368c5b0f5b1dc90f5",
        "is_verified": false,
        "line_number": 360,
        "is_secret": false
      }
    ],
    "tests/test_audit_sixteen_check.py": [
      {
        "type": "Private Key",
        "filename": "tests/test_audit_sixteen_check.py",
        "hashed_secret": "1348b145fa1a555461c1b790a2f66614781091e9",
        "is_verified": false,
        "line_number": 961,
        "is_secret": false
      },
      {
        "type": "Secret Keyword",
        "filename": "tests/test_audit_sixteen_check.py",
        "hashed_secret": "39b06ccd626b35e8d2fa531ffe5e9b9d5df076c8",
        "is_verified": false,
        "line_number": 999,
        "is_secret": false
      },
      {
        "type": "Base64 High Entropy String",
        "filename": "tests/test_audit_sixteen_check.py",
        "hashed_secret": "94d3d4693e8d9d8dfcad906389c1a0efe8d57eec",
        "is_verified": false,
        "line_number": 1022,
        "is_secret": false
      },
      {
        "type": "Base64 High Entropy String",
        "filename": "tests/test_audit_sixteen_check.py",
        "hashed_secret": "56c1d3d608e82b0d0153eb3912cdfcf33b61b4ea",
        "is_verified": false,
        "line_number": 1023,
        "is_secret": false
      },
      {
        "type": "Base64 High Entropy String",
        "filename": "tests/test_audit_sixteen_check.py",
        "hashed_secret": "cce667f29035b59c5f9b752842f5cd5ac99f192e",
        "is_verified": false,
        "line_number": 1026,
        "is_secret": false
      },
      {
        "type": "Base64 High Entropy String",
        "filename": "tests/test_audit_sixteen_check.py",
        "hashed_secret": "80cd7b09c73e83143b467ff39dd2517a1000306a",
        "is_verified": false,
        "line_number": 1034,
        "is_secret": false
      },
      {
        "type": "Base64 High Entropy String",
        "filename": "tests/test_audit_sixteen_check.py",
        "hashed_secret": "94e05184b8874be020280876eccb5389baaf2d71",
        "is_verified": false,
        "line_number": 1064,
        "is_secret": false
      }
    ],
    "tests/test_capability_api.py": [
      {
        "type": "Secret Keyword",
        "filename": "tests/test_capability_api.py",
        "hashed_secret": "c8d07f46478a3b337c2b92fe941ccd9aa8a2abdd",
        "is_verified": false,
        "line_number": 29,
        "is_secret": false
      },
      {
        "type": "Base64 High Entropy String",
        "filename": "tests/test_capability_api.py",
        "hashed_secret": "f3c5abe3ec739e6e0d8a08de4992f9e64048cb1c",
        "is_verified": false,
        "line_number": 34,
        "is_secret": false
      },
      {
        "type": "Secret Keyword",
        "filename": "tests/test_capability_api.py",
        "hashed_secret": "3acfb2c2b433c0ea7ff107e33df91b18e52f960f",
        "is_verified": false,
        "line_number": 86,
        "is_secret": false
      }
    ],
    "tests/test_config_runtime_env.py": [
      {
        "type": "Basic Auth Credentials",
        "filename": "tests/test_config_runtime_env.py",
        "hashed_secret": "32e684ce43872211ce0f91357c1450a680d8740a",
        "is_verified": false,
        "line_number": 51,
        "is_secret": false
      },
      {
        "type": "Secret Keyword",
        "filename": "tests/test_config_runtime_env.py",
        "hashed_secret": "278c21dfe0a6473ab58eee4639822a7715a63220",
        "is_verified": false,
        "line_number": 144,
        "is_secret": false
      },
      {
        "type": "Secret Keyword",
        "filename": "tests/test_config_runtime_env.py",
        "hashed_secret": "419abdf4028d3af55f25df2357456ac7c1966376",
        "is_verified": false,
        "line_number": 180,
        "is_secret": false
      },
      {
        "type": "Secret Keyword",
        "filename": "tests/test_config_runtime_env.py",
        "hashed_secret": "3acfb2c2b433c0ea7ff107e33df91b18e52f960f",
        "is_verified": false,
        "line_number": 210,
        "is_secret": false
      }
    ],
    "tests/test_core_models.py": [
      {
        "type": "Base64 High Entropy String",
        "filename": "tests/test_core_models.py",
        "hashed_secret": "f3c5abe3ec739e6e0d8a08de4992f9e64048cb1c",
        "is_verified": false,
        "line_number": 21,
        "is_secret": false
      },
      {
        "type": "Base64 High Entropy String",
        "filename": "tests/test_core_models.py",
        "hashed_secret": "19ca85b704ae9f4c1fcaf01740019f839d51fbe1",
        "is_verified": false,
        "line_number": 38,
        "is_secret": false
      },
      {
        "type": "Base64 High Entropy String",
        "filename": "tests/test_core_models.py",
        "hashed_secret": "a74551e66e37552883677c439bf238e58887d4ab",
        "is_verified": false,
        "line_number": 70,
        "is_secret": false
      }
    ],
    "tests/test_inference_routing.py": [
      {
        "type": "Secret Keyword",
        "filename": "tests/test_inference_routing.py",
        "hashed_secret": "3acfb2c2b433c0ea7ff107e33df91b18e52f960f",
        "is_verified": false,
        "line_number": 51,
        "is_secret": false
      }
    ],
    "tests/test_lease_patch_change_set.py": [
      {
        "type": "Secret Keyword",
        "filename": "tests/test_lease_patch_change_set.py",
        "hashed_secret": "3acfb2c2b433c0ea7ff107e33df91b18e52f960f",
        "is_verified": false,
        "line_number": 19,
        "is_secret": false
      }
    ],
    "tests/test_provider_api.py": [
      {
        "type": "Secret Keyword",
        "filename": "tests/test_provider_api.py",
        "hashed_secret": "c8d07f46478a3b337c2b92fe941ccd9aa8a2abdd",
        "is_verified": false,
        "line_number": 24,
        "is_secret": false
      },
      {
        "type": "Base64 High Entropy String",
        "filename": "tests/test_provider_api.py",
        "hashed_secret": "5ac9ee01588ae6671a7bac29ec4c9024a8700d16",
        "is_verified": false,
        "line_number": 29,
        "is_secret": false
      },
      {
        "type": "Secret Keyword",
        "filename": "tests/test_provider_api.py",
        "hashed_secret": "3acfb2c2b433c0ea7ff107e33df91b18e52f960f",
        "is_verified": false,
        "line_number": 88,
        "is_secret": false
      },
      {
        "type": "Base64 High Entropy String",
        "filename": "tests/test_provider_api.py",
        "hashed_secret": "f535d4aa37d160c44e79bc1baae44ee19a52eb22",
        "is_verified": false,
        "line_number": 363,
        "is_secret": false
      }
    ],
    "tests/test_r2_temp_credentials.py": [
      {
        "type": "Secret Keyword",
        "filename": "tests/test_r2_temp_credentials.py",
        "hashed_secret": "750fd299263f637dbe8b2112f8960b2e03f70230",
        "is_verified": false,
        "line_number": 35,
        "is_secret": false
      },
      {
        "type": "Secret Keyword",
        "filename": "tests/test_r2_temp_credentials.py",
        "hashed_secret": "5cf99b0b0fef23d95c3349cd6cb6cb18b3dcc8aa",
        "is_verified": false,
        "line_number": 436,
        "is_secret": false
      }
    ],
    "tests/test_route_separation.py": [
      {
        "type": "Secret Keyword",
        "filename": "tests/test_route_separation.py",
        "hashed_secret": "3acfb2c2b433c0ea7ff107e33df91b18e52f960f",
        "is_verified": false,
        "line_number": 22,
        "is_secret": false
      },
      {
        "type": "Secret Keyword",
        "filename": "tests/test_route_separation.py",
        "hashed_secret": "fef341f85d87439e7d91a2d465b9871ef66b5e98",
        "is_verified": false,
        "line_number": 25,
        "is_secret": false
      }
    ],
    "tests/test_staging_store.py": [
      {
        "type": "Secret Keyword",
        "filename": "tests/test_staging_store.py",
        "hashed_secret": "7b7c428a4f9a4056c489710be63f7af343b09f64",
        "is_verified": false,
        "line_number": 45,
        "is_secret": false
      }
    ],
    "tests/test_webhook_and_exporter.py": [
      {
        "type": "Basic Auth Credentials",
        "filename": "tests/test_webhook_and_exporter.py",
        "hashed_secret": "a6bf0a0e01efe836c52ef316f030bf50ac2f716c",
        "is_verified": false,
        "line_number": 33,
        "is_secret": false
      },
      {
        "type": "Basic Auth Credentials",
        "filename": "tests/test_webhook_and_exporter.py",
        "hashed_secret": "32e684ce43872211ce0f91357c1450a680d8740a",
        "is_verified": false,
        "line_number": 62,
        "is_secret": false
      }
    ],
    "tests/webhook_dispatcher/test_signer.py": [
      {
        "type": "Secret Keyword",
        "filename": "tests/webhook_dispatcher/test_signer.py",
        "hashed_secret": "fe1bae27cb7c1fb823f496f286e78f1d2ae87734",
        "is_verified": false,
        "line_number": 11,
        "is_secret": false
      },
      {
        "type": "Secret Keyword",
        "filename": "tests/webhook_dispatcher/test_signer.py",
        "hashed_secret": "76ed0a056aa77060de25754586440cff390791d0",
        "is_verified": false,
        "line_number": 17,
        "is_secret": false
      }
    ]
  },
  "generated_at": "2026-07-18T01:00:11Z"
}
